// Jest Snapshot v1, https://goo.gl/fbAQLP

exports[`esbuild - features should create valid stylesheet 1`] = `
"._1o6ek500{height:50px}._1o6ek500:after{display:block;content:\\"Below 700px\\"}._1o6ek501{background-color:#b0e0e6}._1o6ek501:hover{background-color:#708090}._1o6ek502{background-color:#b0e0e6}._1o6ek502:hover{background-color:#708090}._1o6ek503{background-color:#b0e0e6}._1o6ek503:hover{background-color:#708090}._1o6ek505{color:#fff}._1o6ek506{background-color:#000}body ._1o6ek507{font-size:24px}._1o6ek508{color:#fff}._1o6ek509{background-color:#000}body ._1o6ek50a{font-size:24px}@media screen and (min-width: 700px){._1o6ek500{color:plum}._1o6ek500:after{content:\\"Above 700px\\"}}
"
`;

exports[`esbuild - sprinkles should create valid stylesheet 1`] = `
"._1j5zl922{display:flex}._1j5zl926{display:none}._1j5zl92a{display:block}._1j5zl92e{padding-top:10px}._1j5zl92i{padding-top:20px}._1j5zl92m{--_1j5zl920: 1;background:rgba(255,0,0,var(--_1j5zl920))}._1j5zl92q{--_1j5zl920: 1}._1j5zl92u{--_1j5zl920: .1}._1j5zl92y{--_1j5zl920: .2}._1j5zl9212{--_1j5zl920: .3}._1j5zl9216{--_1j5zl921: 1;color:rgba(255,0,0,var(--_1j5zl921))}._1j5zl9217{--_1j5zl921: 1}._1j5zl9218{--_1j5zl921: .8}body>._1j5zl921a{background:red}@media screen and (min-width: 768px){._1j5zl923{display:flex}._1j5zl927{display:none}._1j5zl92b{display:block}._1j5zl92f{padding-top:10px}._1j5zl92j{padding-top:20px}._1j5zl92n{--_1j5zl920: 1;background:rgba(255,0,0,var(--_1j5zl920))}._1j5zl92r{--_1j5zl920: 1}._1j5zl92v{--_1j5zl920: .1}._1j5zl92z{--_1j5zl920: .2}._1j5zl9213{--_1j5zl920: .3}}@media screen and (min-width: 1024px){._1j5zl924{display:flex}._1j5zl928{display:none}._1j5zl92c{display:block}._1j5zl92g{padding-top:10px}._1j5zl92k{padding-top:20px}._1j5zl92o{--_1j5zl920: 1;background:rgba(255,0,0,var(--_1j5zl920))}._1j5zl92s{--_1j5zl920: 1}._1j5zl92w{--_1j5zl920: .1}._1j5zl9210{--_1j5zl920: .2}._1j5zl9214{--_1j5zl920: .3}@supports not (display: grid){[data-dark-mode] ._1j5zl925{display:flex}[data-dark-mode] ._1j5zl929{display:none}[data-dark-mode] ._1j5zl92d{display:block}[data-dark-mode] ._1j5zl92h{padding-top:10px}[data-dark-mode] ._1j5zl92l{padding-top:20px}[data-dark-mode] ._1j5zl92p{--_1j5zl920: 1;background:rgba(255,0,0,var(--_1j5zl920))}[data-dark-mode] ._1j5zl92t{--_1j5zl920: 1}[data-dark-mode] ._1j5zl92x{--_1j5zl920: .1}[data-dark-mode] ._1j5zl9211{--_1j5zl920: .2}[data-dark-mode] ._1j5zl9215{--_1j5zl920: .3}}}
"
`;

exports[`esbuild - themed should create valid stylesheet 1`] = `
":root,.cvta170{--cvta171: blue;--cvta172: white;--cvta173: 4px;--cvta174: 8px;--cvta175: 12px}.cvta176{--cvta171: green;--cvta172: white;--cvta173: 8px;--cvta174: 12px;--cvta175: 16px}.cvta177{--cvta171: pink;--cvta172: purple;--cvta173: 6px;--cvta174: 12px;--cvta175: 18px}@media screen and (min-width: 768px){.cvta177{--cvta171: purple;--cvta172: pink}}._4dtfen0{box-shadow:0 0 5px red}body{background-color:#87ceeb}@font-face{src:local(\\"Impact\\");font-family:\\"jteyb10\\"}@font-face{src:local(\\"Comic Sans MS\\");font-family:MyGlobalComicSans}.jteyb11{display:flex;flex-direction:column;gap:var(--cvta174);padding:var(--cvta175)}.jteyb12{z-index:1;position:relative}.jteyb13{font-family:\\"jteyb10\\";background-color:var(--cvta171, \\"THIS FALLBACK VALUE SHOULD NEVER BE USED\\");color:var(--cvta172);border-radius:9999px}.cvta176 .cvta170 .jteyb11 .jteyb13{font-family:MyGlobalComicSans;outline:5px solid red}body .jteyb12:after{content:\\"I am content\\"}html .jteyb16{opacity:var(--jteyb14, .5)}html .jteyb17{opacity:var(--jteyb14, var(--jteyb15, .25))}@media only screen and (min-width: 500px){.jteyb11{border:1px solid var(--cvta171)}.jteyb13{padding:var(--cvta173)}}@media only screen and (min-width: 1000px){.jteyb13{padding:var(--cvta174)}}
"
`;

exports[`esbuild - unused-modules should create valid stylesheet 1`] = `
"body{background-color:#e6e6fa}body{border:5px solid black}.fbihc60{display:flex}._36o3zb0{height:100px;width:100px;background:green}._1j78ztq0{box-sizing:border-box}
"
`;
